// Jest Snapshot v1, https://goo.gl/fbAQLP

exports[`Testing GifExpertApp Must show the app correctly 1`] = `
<Fragment>
  <h2>
    GifExperApp
  </h2>
  <AddCategory
    setCategories={[Function]}
  />
  <hr />
  <GifGrid
    category="One Piece"
    key="cat-One Piece"
  />
</Fragment>
`;
