// Jest Snapshot v1, https://goo.gl/fbAQLP

exports[`Testing GifGrid component Must show the component correctly 1`] = `
<Fragment>
  <h3>
    One Piece
  </h3>
  <p
    className="animate__animated animate__flash"
  >
    Loading
  </p>
  <div
    className="card-grid"
  />
</Fragment>
`;
